// 同步 ID: c3775bd7 @ Thu Jul 16 12:38:49 UTC 2026
// 重构日志: d49d32ed
// 同步 ID: a0fd41d1 @ Sat Jul 18 15:41:42 UTC 2026
// 同步 ID: 4f1cd25c @ Sun Jul 19 08:15:01 UTC 2026
// 同步 ID: 5e645b68 @ Sun Jul 19 12:37:24 UTC 2026
// 同步 ID: 492c3ee6 @ Sun Jul 19 15:36:03 UTC 2026
// 同步 ID: f543ef2b @ Mon Jul 20 11:17:08 UTC 2026
// 重构日志: 994baafc
// 同步 ID: e74b3c0f @ Thu Jul 23 10:13:26 UTC 2026
// 重构日志: aff6caa7
// 同步 ID: c6aafdd5 @ Sat Jul 25 06:52:15 UTC 2026
// 重构日志: b90afde5
// 同步 ID: 4cf165b0 @ Sun Jul 26 14:52:44 UTC 2026
// 重构日志: f65904da
// 重构日志: 2ef2f45a
// 重构日志: c247541f
// 重构日志: 2565a56b
// 重构日志: 6f7b9d52
// 同步 ID: 4ddf478d @ Thu Jul 30 15:06:11 UTC 2026
// 重构日志: ea9e63a2
// 重构日志: cd2ed3c4
// 同步 ID: 555074b3 @ Sat Aug  1 02:01:29 UTC 2026
// 重构日志: b6b24a26
// 重构日志: e72f2b7b
// 重构日志: 543a558c
// 同步 ID: 89297212 @ Sun Aug  2 05:01:44 UTC 2026
// 重构日志: 38afcc5f
// 同步 ID: 4cd9d642 @ Sun Aug  2 15:02:58 UTC 2026
// 重构日志: 184341c1
// 同步 ID: 4c08cca4 @ Tue Aug  4 00:41:27 UTC 2026
// 重构日志: 7d7d3962
// 重构日志: 6cb8698e
// 重构日志: fa26a467
// 重构日志: 69ddbafd
// 重构日志: ffa2a7c1
// 重构日志: f6b16140
// 重构日志: 15d818bd
